  NO wavenumber correction applied. (wavcorr =    6.1900000000000002E-007  not used.)
  NO air correction applied to wavelengths.
  NO intensity calibration.
  line    wavenumber      peak    width      dmp   eq width   itn   H tags     epstot     epsevn     epsodd     epsran  identification
     1  25996.261719 .3301E+01   200.00   0.1000 0.7318E+03    -1  16    I .00000E+00 .00000E+00 .00000E+00 .00000E+00 no id                          384.561609
     2  26820.882812 .8851E+01    80.00   0.1000 0.7850E+03    -1  16    I .00000E+00 .00000E+00 .00000E+00 .00000E+00 no id                          372.737791
     3  27033.960139 .2488E+02   104.53   0.0585 0.2836E+04    -7   0    L .58594E+00 .34116E+00 .47820E+00 .00000E+00 no id                          369.799858
     4  27116.987734 .1762E+02   120.66   0.0000 0.2263E+04   -16   0    L .78595E+00 .51206E+00 .63284E+00 ********** no id                          368.667564
     5  27135.025470 .1564E+02   106.70   0.3011 0.2007E+04    -6   0    L .74219E+00 .72348E+00 .46470E+00 .00000E+00 no id                          368.422490
     6  27269.803798 .1093E+03   109.86   0.0000 0.1278E+05   -11   0    L .11032E+01 .71547E+00 .83446E+00 .26279E-02 no id                          366.601551
     7  27270.074857 .6859E+03   114.06   0.0696 0.8567E+05    -9   0    L .89062E+00 .69732E+00 .58359E+00 .00000E+00 no id                          366.597906
     8  27328.340736 .1028E+02   122.59   0.4889 0.1633E+04    -8   0    L .88281E+00 .65435E+00 .59992E+00 .00000E+00 no id                          365.816274
     9  27637.239821 .3242E+01    84.14   0.0000 0.2904E+03    -6   0    L .58594E+00 .37379E+00 .46343E+00 .00000E+00 no id                          361.727468
    10  29155.317802 .4915E+01   145.62   0.0000 0.7619E+03    -6   0    L .95312E+00 .57114E+00 .78988E+00 .00000E+00 no id                          342.892280
    11  29217.597270 .2508E+02   140.37   0.4346 0.4466E+04   -17   0    L .70312E+00 .49172E+00 .50382E+00 .00000E+00 no id                          342.161357
    12  29217.781293 .1888E+01    81.37   0.0000 0.1635E+03   -15   0    L .66406E+00 .60670E+00 .58933E+00 .00000E+00 no id                          342.159202
    13  29407.470969 .1496E+02   118.40   0.3204 0.2146E+04    -8   0    L .93359E+00 .55649E+00 .76464E+00 .00000E+00 no id                          339.952073
    14  29441.355790 .2250E+02   126.27   0.2032 0.3283E+04    -8   0    L .70312E+00 .58126E+00 .46632E+00 .00000E+00 no id                          339.560801
    15  29609.985802 .1076E+02   105.30   0.7062 0.1598E+04    -6   0    L .10391E+01 .81221E+00 .66879E+00 .00000E+00 no id                          337.626929
    16  29646.520537 .1116E+02   134.60   0.0000 0.1599E+04    -6   0    L .11641E+01 .82924E+00 .88614E+00 .00000E+00 no id                          337.210843
    17  29673.422193 .6030E+02   125.83   0.0642 0.8291E+04    -5   0    L .79688E+00 .69448E+00 .44809E+00 .00000E+00 no id                          336.905121
    18  29676.420779 .2807E+02   118.91   0.2309 0.3901E+04    -5   0    L .76953E+00 .56260E+00 .54628E+00 .00000E+00 no id                          336.871078
    19  29687.647303 .3805E+02   127.14   0.0000 0.5150E+04    -5   0    L .94531E+00 .53837E+00 .80322E+00 .00000E+00 no id                          336.743684
    20  29776.377410 .9038E+02   127.87   0.0145 0.1238E+05    -9   0    L .78516E+00 .37176E+00 .70774E+00 .00000E+00 no id                          335.740195
    21  29932.570696 .4909E+02   124.59   0.1291 0.6861E+04   -10   0    L .10312E+01 .76973E+00 .71002E+00 .00000E+00 no id                          333.988189
    22  29972.523683 .4696E+02   125.68   0.0000 0.6283E+04    -5   0    L .89062E+00 .54459E+00 .90196E+00 .00000E+00 no id                          333.542972
    23  29973.698630 .1301E+03   125.67   0.0672 0.1789E+05   -22   0    L .80157E+00 .65323E+00 .45505E+00 .62957E-06 no id                          333.529897
    24  30072.481884 .1274E+03   125.34   0.0624 0.1744E+05   -18   0    L .68750E+00 .38959E+00 .57029E+00 .00000E+00 no id                          332.434270
    25  30079.759821 .8639E+01   159.79   0.3427 0.1688E+04    -5   0    L .89062E+00 .77229E+00 .42318E+00 .00000E+00 no id                          332.353833
    26  30087.299658 .7306E+01   148.82   0.3881 0.1354E+04    -6   0    L .77734E+00 .43050E+00 .70603E+00 .00000E+00 no id                          332.270543
    27  30154.549038 .7207E+01    77.75   1.0000 0.8803E+03    -5   0    L .44141E+00 .43081E+00 .17475E+00 .00000E+00 no id                          331.529503
    28  30182.860733 .7421E+02   128.83   0.0171 0.1025E+05    -5   0    L .75781E+00 .52577E+00 .52594E+00 .00000E+00 no id                          331.218516
    29  30183.764536 .2929E+02   128.23   0.0000 0.3997E+04    -6   0    L .76172E+00 .49267E+00 .57971E+00 .00000E+00 no id                          331.208598
    30  30185.143613 .8754E+02   127.81   0.1073 0.1244E+05    -5   0    L .11484E+01 .74978E+00 .92074E+00 .00000E+00 no id                          331.193465
    31  30229.742009 .1003E+03   129.30   0.0131 0.1389E+05   -10   0    L .67188E+00 .61609E+00 .32206E+00 .00000E+00 no id                          330.704834
    32  30230.570526 .2592E+02   133.33   0.0000 0.3679E+04    -6   0    L .88672E+00 .53543E+00 .74246E+00 .00000E+00 no id                          330.695770
    33  30336.344134 .1187E+03   127.31   0.0249 0.1624E+05    -9   0    L .80078E+00 .56742E+00 .57713E+00 .00000E+00 no id                          329.542696
    34  30370.075378 .8055E+02   125.36   0.1151 0.1126E+05    -8   0    L .62891E+00 .51152E+00 .39361E+00 .00000E+00 no id                          329.176669
    35  30404.560977 .6092E+01   131.43   0.0000 0.8523E+03    -6   0    L .10078E+01 .79365E+00 .58454E+00 .00000E+00 no id                          328.803297
    36  30570.959180 .7519E+02   130.18   0.0128 0.1047E+05    -6   0    L .95703E+00 .84215E+00 .50601E+00 .00000E+00 no id                          327.013554
    37  30586.580810 .4126E+01   101.05   0.0000 0.4438E+03    -5   0    L .10234E+01 .73184E+00 .74973E+00 .00000E+00 no id                          326.846531
    38  30625.914945 .3760E+02   124.17   0.2996 0.5611E+04    -7   0    L .84766E+00 .63443E+00 .55842E+00 .00000E+00 no id                          326.426734
    39  30752.959436 .3308E+01   130.00   0.0000 0.4577E+03   -24   3    L .71094E+00 .52832E+00 .44847E+00 .00000E+00 no id                          325.078176
    40  30867.063974 .1203E+03   127.74   0.0218 0.1650E+05   -21   0    L .97266E+00 .49683E+00 .84166E+00 .00000E+00 no id                          323.876436
    41  30869.483192 .6425E+02   136.04   0.0516 0.9501E+04    -4   0    L .13594E+01 .94619E+00 .98995E+00 .00000E+00 no id                          323.851053
    42  30911.963967 .1580E+03   130.76   0.0400 0.2235E+05    -5   0    L .80469E+00 .65615E+00 .49198E+00 .00000E+00 no id                          323.405985
    43  30994.418328 .4967E+01   123.09   0.5668 0.8171E+03    -8   0    L .68359E+00 .50714E+00 .51069E+00 .00000E+00 no id                          322.545599
    44  31049.061760 .8926E+01   128.22   0.3918 0.1427E+04   -12   0    L .10625E+01 .56367E+00 .91209E+00 .00000E+00 no id                          321.977929
    45  31206.735607 .5935E+01   135.13   0.0000 0.8537E+03   -11   0    L .11562E+01 .86778E+00 .75986E+00 .00000E+00 no id                          320.351058
    46  31404.548018 .7064E+02   131.32   0.0908 0.1025E+05   -11   0    L .90316E+00 .61908E+00 .69985E+00 .34747E-02 no id                          318.333143
    47  31442.871150 .6297E+01   136.81   0.0000 0.9170E+03    -3   0    L .99609E+00 .74268E+00 .67109E+00 .00000E+00 no id                          317.945139
    48  31501.001085 .1019E+02   169.62   0.0000 0.1840E+04   -11   0    L .73129E+00 .47612E+00 .54905E+00 .18949E-01 no id                          317.358402
    49  31501.238437 .7263E+01   118.35   0.0536 0.9352E+03   -11   0    L .70394E+00 .33289E+00 .62264E+00 .81009E-02 no id                          317.356010
    50  31612.078475 .8658E+01   133.82   0.0285 0.1248E+04   -12   0    L .10391E+01 .55528E+00 .88305E+00 .00000E+00 no id                          316.243238
    51  31635.379676 .4810E+01   139.78   0.0399 0.7274E+03    -6   0    L .82422E+00 .74203E+00 .35648E+00 .00000E+00 no id                          316.010299
    52  31656.161834 .1835E+02   128.46   0.2019 0.2724E+04    -7   0    L .98828E+00 .44449E+00 .88780E+00 .00000E+00 no id                          315.802831
    53  31714.525892 .9164E+02   133.91   0.1021 0.1362E+05   -11   0    L .84455E+00 .41882E+00 .75590E+00 .68283E-03 no id                          315.221639
    54  31735.743008 .4009E+02   132.12   0.0543 0.5764E+04    -6   0    L .11953E+01 .68339E+00 .10263E+01 .00000E+00 no id                          315.010888
    55  31738.489508 .4048E+02   132.72   0.3001 0.6456E+04    -5   0    L .77344E+00 .68022E+00 .38371E+00 .00000E+00 no id                          314.983628
    56  31764.784093 .6200E+03   134.63   0.0489 0.9064E+05   -43   0    L .78209E+00 .60824E+00 .50010E+00 ********** no id                          314.722877
    57  31764.949036 .4202E+02   135.37   0.0967 0.6298E+04   -31   0    L .75474E+00 .66976E+00 .36052E+00 ********** no id                          314.721243
    58  31779.562579 .1041E+02   127.47   0.0000 0.1413E+04    -4   0    L .12500E+01 .98705E+00 .78934E+00 .00000E+00 no id                          314.576516
    59  31810.087536 .7269E+01   123.62   0.5980 0.1216E+04    -9   0    L .11641E+01 .82284E+00 .83154E+00 .00000E+00 no id                          314.274637
    60  31838.854121 .4850E+01   133.12   0.0000 0.6873E+03   -17   0    L .11172E+01 .50930E+00 .99381E+00 .00000E+00 no id                          313.990677
    61  31862.799133 .5352E+01   112.91   0.7462 0.8659E+03   -11   0    L .10547E+01 .38055E+00 .98925E+00 .00000E+00 no id                          313.754703
    62  31985.849979 .1540E+02   131.92   0.6456 0.2800E+04    -5   0    L .25156E+01 .19001E+01 .18318E+01 .00000E+00 no id                          312.547630
    63  32015.278363 .9631E+02   136.24   0.0665 0.1435E+05   -15   0    L .87190E+00 .52368E+00 .69891E+00 .58828E-03 no id                          312.260326
    64  32021.782799 .7975E+01   120.46   0.4932 0.1247E+04   -12   0    L .83203E+00 .76189E+00 .31626E+00 .00000E+00 no id                          312.196896
    65  32023.371871 .8698E+01   132.02   0.0000 0.1222E+04    -6   0    L .10156E+01 .62497E+00 .80787E+00 .00000E+00 no id                          312.181403
    66  32031.143684 .4118E+01   153.32   0.2043 0.7301E+03    -6   0    L .71484E+00 .49444E+00 .54387E+00 .00000E+00 no id                          312.105655
    67  32061.051337 .2211E+02   133.70   0.5041 0.3854E+04    -5   0    L .17969E+01 .67125E+00 .16692E+01 .00000E+00 no id                          311.814501
    68  32070.187286 .1572E+02   136.79   0.0000 0.2288E+04    -5   0    L .83203E+00 .47655E+00 .72747E+00 .00000E+00 no id                          311.725670
    69  32090.477249 .1409E+02   125.34   0.4762 0.2278E+04    -4   0    L .78516E+00 .51257E+00 .58970E+00 .00000E+00 no id                          311.528566
    70  32124.898619 .1631E+02   121.51   0.1975 0.2285E+04   -11   0    L .79688E+00 .34633E+00 .72054E+00 .00000E+00 no id                          311.194755
    71  32158.897074 .1827E+02   129.23   0.0798 0.2596E+04    -5   0    L .86328E+00 .38116E+00 .76116E+00 .00000E+00 no id                          310.865746
    72  32301.538263 .7141E+01   115.67   0.7087 0.1167E+04   -16   0    L .92969E+00 .56768E+00 .73566E+00 .00000E+00 no id                          309.492933
    73  32311.759569 .1485E+02   128.75   0.1600 0.2172E+04    -7   0    L .10703E+01 .61143E+00 .90598E+00 .00000E+00 no id                          309.395026
    74  32401.894834 .5922E+01   147.19   0.2711 0.1035E+04    -7   0    L .96484E+00 .70913E+00 .71879E+00 .00000E+00 no id                          308.534320
    75  32411.180543 .1258E+02   131.86   0.0499 0.1802E+04    -5   0    L .86328E+00 .68441E+00 .56770E+00 .00000E+00 no id                          308.445922
    76  32420.165628 .9900E+01   133.41   0.4397 0.1679E+04    -9   0    L .10781E+01 .61647E+00 .87492E+00 .00000E+00 no id                          308.360435
    77  32483.534002 .5289E+01   150.82   0.0000 0.8492E+03    -8   0    L .96875E+00 .52219E+00 .79812E+00 .00000E+00 no id                          307.758866
    78  32529.636305 .1057E+02   146.29   0.0421 0.1675E+04    -6   0    L .52344E+00 .32809E+00 .41452E+00 .00000E+00 no id                          307.322681
    79  32537.664257 .8271E+01   129.70   0.0360 0.1159E+04    -6   0    L .98828E+00 .74272E+00 .68365E+00 .00000E+00 no id                          307.246852
    80  32547.232837 .5987E+01   132.47   0.0000 0.8443E+03    -5   0    L .82422E+00 .55787E+00 .61382E+00 .00000E+00 no id                          307.156521
    81  32629.345377 .7481E+01   147.65   0.1468 0.1248E+04    -4   0    L .80469E+00 .68810E+00 .38518E+00 .00000E+00 no id                          306.383523
    82  32653.477673 .1112E+02   143.75   0.3888 0.1991E+04    -6   0    L .70703E+00 .58355E+00 .43352E+00 .00000E+00 no id                          306.157084
    83  32687.942998 .1236E+02   128.15   0.4098 0.1989E+04   -14   0    L .10938E+01 .63391E+00 .89275E+00 .00000E+00 no id                          305.834267
    84  32718.847709 .1099E+02   143.39   0.1187 0.1761E+04   -18   0    L .99219E+00 .70233E+00 .71212E+00 .00000E+00 no id                          305.545378
    85  32843.329985 .1401E+02   146.07   0.0539 0.2227E+04    -6   0    L .10391E+01 .78613E+00 .71927E+00 .00000E+00 no id                          304.387258
    86  32855.169365 .2263E+02   143.50   0.0789 0.3569E+04    -6   0    L .10000E+01 .61049E+00 .80874E+00 .00000E+00 no id                          304.277567
    87  32939.534526 .1296E+02   136.48   0.0000 0.1883E+04    -5   0    L .10078E+01 .66059E+00 .76115E+00 .00000E+00 no id                          303.498216
    88  32944.338345 .2029E+02   135.33   0.0164 0.2943E+04    -8   0    L .11719E+01 .72821E+00 .93504E+00 .00000E+00 no id                          303.453959
    89  33028.227005 .1536E+02   136.59   0.5901 0.2829E+04    -6   0    L .10000E+01 .97095E+00 .92091E+00 .00000E+00 no id                          302.683182
    90  33197.235892 .6783E+01   170.88   0.0000 0.1234E+04    -4   0    L .89453E+00 .60497E+00 .69115E+00 .00000E+00 no id                          301.142142
    91  33280.154948 .3754E+02   138.84   0.1612 0.5923E+04   -12   0    L .80859E+00 .73129E+00 .43250E+00 .00000E+00 no id                          300.391800
    92  33324.340384 .1870E+02   148.04   0.3477 0.3391E+04    -6   0    L .69922E+00 .59277E+00 .42741E+00 .00000E+00 no id                          299.993488
    93  33331.385441 .6276E+01   175.38   0.1321 0.1236E+04   -11   0    L .65234E+00 .53091E+00 .36823E+00 .00000E+00 no id                          299.930077
    94  33407.762628 .3575E+02   142.50   0.2306 0.5954E+04    -5   0    L .99609E+00 .72873E+00 .63983E+00 .00000E+00 no id                          299.244345
    95  33444.106595 .3673E+03   142.72   0.0332 0.5656E+05   -11   0    L .85240E+00 .46219E+00 .70393E+00 .16992E-02 no id                          298.919140
    96  33456.848211 .2513E+02   145.61   0.2802 0.4364E+04    -3   0    L .10391E+01 .80646E+00 .66524E+00 .00000E+00 no id                          298.805295
    97  33487.452744 .4450E+03   142.95   0.0284 0.6850E+05    -9   0    L .83594E+00 .41535E+00 .73587E+00 .00000E+00 no id                          298.532202
    98  33494.362741 .1234E+02   143.52   0.1176 0.1978E+04    -6   0    L .87891E+00 .60984E+00 .64303E+00 .00000E+00 no id                          298.470612
    99  33550.208291 .5223E+03   144.19   0.0356 0.8133E+05    -4   0    L .10000E+01 .79536E+00 .65078E+00 .00000E+00 no id                          297.973775
   100  33584.297402 .5646E+02   139.84   0.1188 0.8820E+04   -19   0    L .10234E+01 .74118E+00 .69318E+00 .00000E+00 no id                          297.671309
   101  33625.278119 .8315E+01   159.40   0.0000 0.1411E+04    -4   0    L .92188E+00 .66913E+00 .62986E+00 .00000E+00 no id                          297.308507
   102  33638.654164 .5978E+03   145.96   0.0371 0.9429E+05    -4   0    L .16797E+01 .12594E+01 .10366E+01 .00000E+00 no id                          297.190281
   103  33674.909381 .7636E+01   151.35   0.3172 0.1399E+04    -9   0    L .74219E+00 .56141E+00 .59145E+00 .00000E+00 no id                          296.870305
   104  33705.106456 .6347E+02   139.04   0.2193 0.1027E+05    -6   0    L .19531E+01 .13619E+01 .17169E+01 .00000E+00 no id                          296.604321
   105  33734.317828 .6347E+01   128.59   0.0000 0.8688E+03    -4   0    L .84375E+00 .59143E+00 .64368E+00 .00000E+00 no id                          296.347473
   106  33754.301041 .8768E+02   151.57   0.0820 0.1463E+05    -5   0    L .92969E+00 .49072E+00 .78195E+00 .00000E+00 no id                          296.172022
   107  33755.873386 .4765E+01   163.02   0.2056 0.8988E+03    -6   0    L .77734E+00 .53415E+00 .55689E+00 .00000E+00 no id                          296.158225
   108  33774.491416 .8619E+01   148.24   0.1266 0.1432E+04    -7   0    L .11484E+01 .82544E+00 .84371E+00 .00000E+00 no id                          295.994962
   109  33812.653926 .4788E+01   146.48   0.4231 0.8854E+03    -4   0    L .94922E+00 .66059E+00 .71050E+00 .00000E+00 no id                          295.660874
   110  33829.592910 .4079E+01   135.06   0.0098 0.5888E+03    -5   0    L .98438E+00 .79923E+00 .57838E+00 .00000E+00 no id                          295.512826
   111  33849.913510 .7804E+02   143.55   0.0372 0.1211E+05   -16   0    L .84847E+00 .61126E+00 .59166E+00 ********** no id                          295.335417
   112  33865.990326 .5821E+01   140.34   1.0000 0.1283E+04    -3   0    L .13359E+01 .97820E+00 .92561E+00 .00000E+00 no id                          295.195210
   113  33872.326420 .5652E+01   179.97   0.0000 0.1083E+04    -4   0    L .10625E+01 .90876E+00 .55622E+00 .00000E+00 no id                          295.139989
   114  33880.603572 .4959E+01   172.04   1.0000 0.1340E+04   -11   0    L .11345E+01 .64122E+00 .93924E+00 .41805E-01 no id                          295.067882
   115  33905.968728 .2713E+01   125.53   0.0000 0.3625E+03    -6   0    L .65625E+00 .43724E+00 .52059E+00 .00000E+00 no id                          294.847131
   116  33926.015134 .9376E+01   110.05   0.7111 0.1459E+04    -5   0    L .64844E+00 .55147E+00 .44471E+00 .00000E+00 no id                          294.672902
   117  34039.142287 .3552E+02   147.92   0.0790 0.5776E+04    -9   0    L .98828E+00 .59759E+00 .78703E+00 .00000E+00 no id                          293.693530
   118  34060.006387 .2380E+03   146.22   0.0498 0.3781E+05   -13   0    L .10938E+01 .71874E+00 .82764E+00 .00000E+00 no id                          293.513615
   119  34073.584848 .1364E+03   143.25   0.0663 0.2136E+05   -22   0    L .73518E+00 .40025E+00 .61585E+00 ********** no id                          293.396643
   120  34088.254612 .4707E+02   145.24   0.0556 0.7444E+04    -5   0    L .10000E+01 .72393E+00 .68494E+00 .00000E+00 no id                          293.270375
   121  34109.845612 .7476E+02   143.76   0.0396 0.1163E+05    -5   0    L .12500E+01 .85243E+00 .89480E+00 .00000E+00 no id                          293.084731
   122  34139.531712 .1956E+03   177.12   0.0272 0.3728E+05    -9   0    L .25781E+01 .83449E+00 .24193E+01 .00000E+00 no id                          292.829867
   123  34141.361437 .1597E+03   144.98   0.0808 0.2547E+05   -22   0    L .98910E+00 .67531E+00 .75448E+00 ********** no id                          292.814173
   124  34164.549637 .3973E+02   142.35   0.1805 0.6478E+04   -17   0    L .85547E+00 .73773E+00 .60782E+00 .00000E+00 no id                          292.615425
   125  34192.004472 .1581E+02   141.99   0.2068 0.2599E+04   -10   0    L .84766E+00 .65475E+00 .53932E+00 .00000E+00 no id                          292.380456
   126  34215.305906 .1373E+03   144.77   0.0770 0.2182E+05   -10   0    L .89062E+00 .68096E+00 .57221E+00 .00000E+00 no id                          292.181329
   127  34425.552383 .3165E+02   149.67   0.0996 0.5251E+04   -13   0    L .86719E+00 .65209E+00 .58525E+00 .00000E+00 no id                          290.396814
   128  34460.660583 .1285E+02   141.44   0.3934 0.2268E+04    -9   0    L .85938E+00 .47615E+00 .71196E+00 .00000E+00 no id                          290.100947
   129  34478.816132 .2049E+02   145.60   0.0000 0.3175E+04    -8   0    L .76172E+00 .66111E+00 .33940E+00 .00000E+00 no id                          289.948181
   130  34479.074967 .1515E+02   141.49   0.0000 0.2282E+04   -10   0    L .65625E+00 .44633E+00 .48913E+00 .00000E+00 no id                          289.946004
   131  34490.086833 .2613E+03   147.21   0.0443 0.4168E+05   -17   0    L .11111E+01 .61163E+00 .93865E+00 .50270E-02 no id                          289.853427
   132  34499.276568 .1517E+02   149.37   0.0000 0.2412E+04    -3   0    L .65234E+00 .45610E+00 .47157E+00 .00000E+00 no id                          289.776214
   133  34514.853921 .8356E+02   189.53   0.0416 0.1715E+05    -5   0    L .11719E+01 .69574E+00 .93198E+00 .00000E+00 no id                          289.645425
   134  34516.592241 .2962E+02   153.31   0.1162 0.5067E+04    -5   0    L .66406E+00 .35721E+00 .56228E+00 .00000E+00 no id                          289.630838
   135  34532.131877 .1757E+02   145.40   0.0793 0.2809E+04    -7   0    L .82031E+00 .37067E+00 .73955E+00 .00000E+00 no id                          289.500496
   136  34534.567555 .1240E+02   156.23   0.0190 0.2078E+04    -7   0    L .74219E+00 .53512E+00 .64921E+00 .00000E+00 no id                          289.480077
   137  34556.776031 .2469E+02   158.69   0.1044 0.4352E+04    -3   0    L .10000E+01 .82436E+00 .60756E+00 .00000E+00 no id                          289.294029
   138  34594.267506 .4565E+02   152.14   0.1059 0.7719E+04    -3   0    L .90625E+00 .54548E+00 .73662E+00 .00000E+00 no id                          288.980493
   139  34730.741449 .1569E+03   145.80   0.0682 0.2503E+05     3   0    L .13594E+01 .88413E+00 .92870E+00 .00000E+00 no id                          287.844895
   140  34783.790094 .3361E+01   231.35   0.0000 0.8277E+03    -5   0    L .84375E+00 .48565E+00 .69643E+00 .00000E+00 no id                          287.405883
   141  34998.706667 .6689E+01   131.48   0.0000 0.9362E+03    -5   0    L .11562E+01 .95925E+00 .65399E+00 .00000E+00 no id                          285.640926
   142  34999.734448 .2148E+02   147.36   0.0000 0.3369E+04   -12   1    L .11562E+01 .10739E+01 .69251E+00 .00000E+00 no id                          285.632538
   143  35038.050549 .3007E+02   148.39   0.0000 0.4750E+04   -14   0    L .10781E+01 .65975E+00 .85419E+00 .00000E+00 no id                          285.320167
   144  35060.751745 .3273E+03   151.50   0.0280 0.5339E+05   -13   0    L .12891E+01 .65023E+00 .11338E+01 .00000E+00 no id                          285.135419
   145  35085.409688 .3581E+02   151.00   0.0000 0.5756E+04   -16   0    L .11188E+01 .80701E+00 .81819E+00 ********** no id                          284.935017
   146  35200.715587 .3906E+03   152.66   0.0319 0.6430E+05   -22   0    L .11267E+01 .69108E+00 .91080E+00 .32916E-02 no id                          284.001618
   147  35227.149633 .2004E+02   153.33   0.2401 0.3605E+04    -4   0    L .91406E+00 .59470E+00 .66453E+00 .00000E+00 no id                          283.788497
   148  35317.587731 .6915E+02   147.71   0.0786 0.1122E+05    -7   0    L .85938E+00 .46074E+00 .74162E+00 .00000E+00 no id                          283.061761
   149  35319.456797 .4351E+03   152.90   0.0268 0.7159E+05    -8   0    L .15312E+01 .11896E+01 .96168E+00 .00000E+00 no id                          283.046781
   150  35324.102622 .5348E+01   134.53   0.1559 0.8159E+03    -5   0    L .84766E+00 .57019E+00 .62883E+00 .00000E+00 no id                          283.009553
   151  35381.518948 .1596E+02   154.14   0.0235 0.2644E+04    -5   0    L .66797E+00 .43780E+00 .49968E+00 .00000E+00 no id                          282.550269
   152  35420.796393 .4714E+03   154.28   0.0288 0.7833E+05    -9   0    L .11250E+01 .86925E+00 .68164E+00 .00000E+00 no id                          282.236939
   153  35474.678632 .4035E+01   105.55   1.0000 0.6690E+03   -16   0    L .78516E+00 .46695E+00 .69172E+00 .00000E+00 no id                          281.808230
   154  35523.255930 .3502E+01    63.55   0.9931 0.3487E+03   -15   0    L .61328E+00 .21803E+00 .60557E+00 .00000E+00 no id                          281.422844
   155  35661.178648 .1450E+02   154.91   0.0000 0.2391E+04   -11   0    L .92267E+00 .61691E+00 .69715E+00 ********** no id                          280.334362
   156  35662.754704 .4575E+01   147.09   1.0000 0.1057E+04    -7   0    L .78125E+00 .65984E+00 .42473E+00 .00000E+00 no id                          280.321972
   157  35719.544022 .1492E+02   157.08   0.0000 0.2494E+04    -4   0    L .89453E+00 .75865E+00 .47874E+00 .00000E+00 no id                          279.876275
   158  35843.412881 .4279E+01    55.12   0.2641 0.2794E+03   -11   0    L .54775E+00 .29038E+00 .47076E+00 ********** no id                          278.909020
   159  35843.505797 .5222E+01    76.64   0.2083 0.4636E+03   -11   0    L .47700E+00 .44570E+00 .29018E+00 ********** no id                          278.908297
   160  35894.727915 .4459E+01   176.89   1.0000 0.1239E+04   -11   0    L .83282E+00 .59157E+00 .54424E+00 ********** no id                          278.510272
   161  35953.100842 .3430E+01   192.95   0.0000 0.7045E+03   -11   1    L .10251E+01 .80252E+00 .63063E+00 .10973E+00 no id                          278.058064
   162  35987.531009 .4064E+01   165.60   0.0000 0.7163E+03    -5   0    L .99609E+00 .82449E+00 .55350E+00 .00000E+00 no id                          277.792025
   163  36147.618458 .2763E+02   146.86   0.0289 0.4371E+04   -11   0    L .80159E+00 .43396E+00 .69673E+00 ********** no id                          276.561700
   164  36149.712035 .2839E+02   153.13   0.0918 0.4804E+04    -4   0    L .10781E+01 .75095E+00 .79319E+00 .00000E+00 no id                          276.545682
   165  36165.172515 .1144E+02   125.25   0.4356 0.1818E+04   -11   0    L .95392E+00 .67109E+00 .67534E+00 .31511E-03 no id                          276.427454
   166  36174.099038 .1279E+02   151.11   0.0000 0.2057E+04    -4   0    L .72266E+00 .54560E+00 .49230E+00 .00000E+00 no id                          276.359237
   167  36184.673034 .2392E+02   152.40   0.0711 0.3995E+04   -10   0    L .78986E+00 .43462E+00 .66524E+00 ********** no id                          276.278475
   168  36216.429718 .2350E+02   156.81   0.0000 0.3923E+04    -3   0    L .79688E+00 .64781E+00 .47362E+00 .00000E+00 no id                          276.036205
   169  36218.490437 .1375E+02   144.64   0.0000 0.2116E+04    -5   0    L .10312E+01 .94320E+00 .70467E+00 .00000E+00 no id                          276.020498
   170  36224.851382 .4901E+02   158.08   0.1109 0.8628E+04    -9   0    L .96094E+00 .54725E+00 .79100E+00 .00000E+00 no id                          275.972028
   171  36229.186117 .9664E+02   153.96   0.1101 0.1656E+05   -11   0    L .10563E+01 .79271E+00 .70013E+00 ********** no id                          275.939007
   172  36261.108999 .8452E+01   152.80   0.2503 0.1522E+04    -6   0    L .92188E+00 .58653E+00 .73978E+00 .00000E+00 no id                          275.696068
   173  36261.940373 .8992E+01   139.37   0.1046 0.1392E+04    -5   0    L .73828E+00 .40596E+00 .67170E+00 .00000E+00 no id                          275.689747
   174  36269.745361 .3963E+02   155.01   0.2116 0.7125E+04    -3   0    L .10156E+01 .68173E+00 .75337E+00 .00000E+00 no id                          275.630417
   175  36276.101143 .4542E+01   178.42   0.0000 0.8627E+03    -6   0    L .12109E+01 .75648E+00 .93371E+00 .00000E+00 no id                          275.582122
   176  36279.950194 .9312E+01   162.69   0.0634 0.1655E+04    -4   0    L .12109E+01 .77304E+00 .90672E+00 .00000E+00 no id                          275.552883
   177  36296.386798 .3225E+02   155.44   0.0224 0.5385E+04    -7   0    L .91797E+00 .48549E+00 .78294E+00 .00000E+00 no id                          275.428094
   178  36304.181584 .8648E+01   139.67   0.5895 0.1629E+04    -5   0    L .13438E+01 .11879E+01 .77865E+00 .00000E+00 no id                          275.368955
   179  36704.635327 .5737E+02   170.26   0.1212 0.1092E+05    -5   0    L .97656E+00 .76505E+00 .59637E+00 .00000E+00 no id                          272.364473
   180  36977.216766 .9008E+02   163.11   0.0516 0.1597E+05    -6   0    L .10078E+01 .60073E+00 .81076E+00 .00000E+00 no id                          270.356600
   181  37054.773986 .6713E+02   171.12   0.0000 0.1223E+05    -9   1    L .17266E+01 .14477E+01 .86453E+00 .00000E+00 no id                          269.790700
   182  37070.588670 .6924E+01   171.87   0.0000 0.1267E+04    -4   0    L .87109E+00 .64318E+00 .57922E+00 .00000E+00 no id                          269.675599
   183  37114.974126 .4361E+02   159.32   0.0207 0.7459E+04    -7   0    L .92188E+00 .54478E+00 .75248E+00 .00000E+00 no id                          269.353078
   184  37134.470813 .9540E+01   163.30   0.5555 0.2073E+04   -11   0    L .84845E+00 .50640E+00 .69105E+00 .24676E-02 no id                          269.211652
   185  37149.325777 .4086E+03   169.58   0.0006 0.7377E+05    -9   0    L .21440E+01 .16527E+01 .12338E+01 .15772E-02 no id                          269.103996
   186  37150.043651 .5734E+01   260.98   0.0000 0.1593E+04   -13   1    L .15486E+01 .96674E+00 .12118E+01 ********** no id                          269.098795
   187  37174.649719 .2313E+02   171.52   0.2404 0.4654E+04    -5   0    L .12109E+01 .80951E+00 .89644E+00 .00000E+00 no id                          268.920667
   188  37177.029280 .5555E+01   138.45   0.0063 0.8208E+03    -5   0    L .83594E+00 .58502E+00 .61028E+00 .00000E+00 no id                          268.903454
   189  37187.250694 .4918E+02   161.79   0.1121 0.8864E+04    -4   0    L .89453E+00 .66612E+00 .62886E+00 .00000E+00 no id                          268.829538
